#-----------------------------------------------------------
# Vivado v2023.2 (64-bit)
# SW Build 4029153 on Fri Oct 13 20:14:34 MDT 2023
# IP Build 4028589 on Sat Oct 14 00:45:43 MDT 2023
# SharedData Build 4025554 on Tue Oct 10 17:18:54 MDT 2023
# Start of session at: Sat Apr 13 23:53:43 2024
# Process ID: 25048
# Current directory: C:/Users/keyur/OneDrive/Documents/Vivado/FlappyBird/FlappyBird/FlappyBird.runs/impl_1
# Command line: vivado.exe -log FlappyBird_top.vdi -applog -product Vivado -messageDb vivado.pb -mode batch -source FlappyBird_top.tcl -notrace
# Log file: C:/Users/keyur/OneDrive/Documents/Vivado/FlappyBird/FlappyBird/FlappyBird.runs/impl_1/FlappyBird_top.vdi
# Journal file: C:/Users/keyur/OneDrive/Documents/Vivado/FlappyBird/FlappyBird/FlappyBird.runs/impl_1\vivado.jou
# Running On: KeyComputadora, OS: Windows, CPU Frequency: 2592 MHz, CPU Physical cores: 6, Host memory: 16991 MB
#-----------------------------------------------------------
source FlappyBird_top.tcl -notrace
